%A Henry McGilton
%A Mary McNabb
%B Typsetting Tables on the Unix System
%C Los Altos
%D 1990
%I Trilithon Press

%A Narain Gehani	
%A Seven Lally
%B Document Formatting and Typesetting on the UNIX System - Volume 2
%C Summit
%D 1988
%I Silicon Press

%A Sandra L. Emerson
%A Karen Paulsell
%B troff Typesetting for UNIX Systems
%C New Jersey
%D 1987
%I Prentice-Hall Inc
